******************************************************************************
                  TI ARM Linker PC v18.12.2                    
******************************************************************************
>> Linked Thu Oct 31 18:20:06 2019

OUTPUT FILE NAME:   <shabi.out>
ENTRY POINT SYMBOL: "_c_int00_noargs"  address: 20008649


MEMORY CONFIGURATION

         name            origin    length      used     unused   attr    fill
----------------------  --------  ---------  --------  --------  ----  --------
  SRAM_CODE             20004000   00013000  00004dce  0000e232  RW X
  SRAM_DATA             20017000   00019000  00001438  00017bc8  RW X


SEGMENT ALLOCATION MAP

run origin  load origin   length   init length attrs members
----------  ----------- ---------- ----------- ----- -------
20004000    20004000    00004dd0   00004dd0    r-x
  20004000    20004000    00000400   00000400    r-- .intvecs
  20004400    20004400    0000459e   0000459e    r-x .text
  200089a0    200089a0    00000398   00000398    r-- .const
  20008d38    20008d38    00000098   00000098    r-- .cinit
20017000    20017000    00000c38   00000000    rw-
  20017000    20017000    00000800   00000000    rw- .sysmem
  20017800    20017800    00000244   00000000    rw- .bss
  20017a44    20017a44    000001f4   00000000    rw- .data
2002f800    2002f800    00000800   00000000    rw-
  2002f800    2002f800    00000800   00000000    rw- .stack


SECTION ALLOCATION MAP

 output                                  attributes/
section   page    origin      length       input sections
--------  ----  ----------  ----------   ----------------
.intvecs   0    20004000    00000400     
                  20004000    00000400     startup_ccs.obj (.intvecs)

.init_array 
*          0    20004000    00000000     UNINITIALIZED

.text      0    20004400    0000459e     
                  20004400    00000a4e     rtsv7M4_T_le_eabi.lib : _printfi.c.obj (.text:__TI_printfi)
                  20004e4e    00000002                           : _lock.c.obj (.text:_nop)
                  20004e50    000006dc     main.obj (.text)
                  2000552c    00000280     uart_if.obj (.text)
                  200057ac    00000268     rtsv7M4_T_le_eabi.lib : _printfi.c.obj (.text:_pconv_a)
                  20005a14    000001cc                           : _printfi.c.obj (.text:_pconv_g)
                  20005be0    000001b6                           : fd_add_t2.asm.obj (.text)
                  20005d96    00000002                           : div0.asm.obj (.text)
                  20005d98    00000178     driverlib.a : prcm.obj (.text:PRCMCC3200MCUInit)
                  20005f10    0000013c     rtsv7M4_T_le_eabi.lib : _printfi.c.obj (.text:_pconv_e)
                  2000604c    00000136                           : fd_div_t2.asm.obj (.text)
                  20006182    00000002     --HOLE-- [fill = 0]
                  20006184    00000120                           : _printfi.c.obj (.text:fcvt)
                  200062a4    00000114                           : fputs.c.obj (.text:fputs)
                  200063b8    0000010c                           : fopen.c.obj (.text:_openfile)
                  200064c4    000000fc                           : fd_mul_t2.asm.obj (.text)
                  200065c0    000000fa                           : fs_add_t2.asm.obj (.text)
                  200066ba    00000002     --HOLE-- [fill = 0]
                  200066bc    000000f4                           : memory.c.obj (.text:aligned_alloc)
                  200067b0    000000e8                           : memory.c.obj (.text:free)
                  20006898    000000dc                           : setvbuf.c.obj (.text:setvbuf)
                  20006974    000000d8                           : memory.c.obj (.text:realloc)
                  20006a4c    000000d0     driverlib.a : spi.obj (.text:SPITransfer32)
                  20006b1c    000000d0     rtsv7M4_T_le_eabi.lib : s_scalbn.c.obj (.text:scalbn)
                  20006bec    000000ce     driverlib.a : spi.obj (.text:SPITransfer16)
                  20006cba    00000002     --HOLE-- [fill = 0]
                  20006cbc    000000bc     rtsv7M4_T_le_eabi.lib : open.c.obj (.text:open)
                  20006d78    000000b8     driverlib.a : spi.obj (.text:SPITransfer8)
                  20006e30    000000b1     rtsv7M4_T_le_eabi.lib : _printfi.c.obj (.text:_ltostr)
                  20006ee1    00000003     --HOLE-- [fill = 0]
                  20006ee4    000000a8     driverlib.a : interrupt.obj (.text:IntEnable)
                  20006f8c    000000a0                 : spi.obj (.text:SPIConfigSetExpClk)
                  2000702c    0000009c     rtsv7M4_T_le_eabi.lib : fopen.c.obj (.text:fopen)
                  200070c8    0000009c                           : memcpy_t2.asm.obj (.text)
                  20007164    00000096                           : ull_div_t2.asm.obj (.text)
                  200071fa    00000002     --HOLE-- [fill = 0]
                  200071fc    00000094     driverlib.a : prcm.obj (.text:PRCMPeripheralClockGet)
                  20007290    00000092     rtsv7M4_T_le_eabi.lib : fs_div_t2.asm.obj (.text)
                  20007322    00000002     --HOLE-- [fill = 0]
                  20007324    0000008c                           : fputc.c.obj (.text:fputc)
                  200073b0    00000088     driverlib.a : pin.obj (.text:PinConfigSet)
                  20007438    00000088                 : spi.obj (.text:SPITransfer)
                  200074c0    00000086     rtsv7M4_T_le_eabi.lib : fd_cmp_t2.asm.obj (.text:__aeabi_cdcmple)
                  20007546    00000086                           : fd_cmp_t2.asm.obj (.text:__aeabi_cdrcmple)
                  200075cc    0000007c                           : memory.c.obj (.text:split)
                  20007648    0000007a                           : fs_mul_t2.asm.obj (.text)
                  200076c2    0000007a                           : memset_t2.asm.obj (.text)
                  2000773c    00000076     driverlib.a : uart.obj (.text:UARTConfigSetExpClk)
                  200077b2    00000002     --HOLE-- [fill = 0]
                  200077b4    00000074     rtsv7M4_T_le_eabi.lib : fclose.c.obj (.text:__TI_closefile)
                  20007828    00000070     driverlib.a : timer.obj (.text:TimerIntRegister)
                  20007898    0000006e     rtsv7M4_T_le_eabi.lib : _printfi.c.obj (.text:_mcpy)
                  20007906    00000002     --HOLE-- [fill = 0]
                  20007908    00000068                           : hostlseek.c.obj (.text:HOSTlseek)
                  20007970    00000068                           : hostrename.c.obj (.text:HOSTrename)
                  200079d8    00000068                           : copy_decompress_lzss.c.obj (.text:decompress:lzss:__TI_decompress_lzss)
                  20007a40    00000064                           : fprintf.c.obj (.text:fprintf)
                  20007aa4    00000064                           : fseek.c.obj (.text:fseek)
                  20007b08    00000062                           : _io_perm.c.obj (.text:__TI_wrt_ok)
                  20007b6a    00000002     --HOLE-- [fill = 0]
                  20007b6c    00000060                           : hostopen.c.obj (.text:HOSTopen)
                  20007bcc    0000005c                           : close.c.obj (.text:close)
                  20007c28    0000005c                           : s_frexp.c.obj (.text:frexp)
                  20007c84    00000058                           : hostread.c.obj (.text:HOSTread)
                  20007cdc    00000058                           : hostwrite.c.obj (.text:HOSTwrite)
                  20007d34    00000058     driverlib.a : prcm.obj (.text:PRCMPeripheralReset)
                  20007d8c    00000056     rtsv7M4_T_le_eabi.lib : _printfi.c.obj (.text:_pconv_f)
                  20007de2    00000002     --HOLE-- [fill = 0]
                  20007de4    00000054     driverlib.a : interrupt.obj (.text:IntPrioritySet)
                  20007e38    00000054     rtsv7M4_T_le_eabi.lib : ltoa.c.obj (.text:ltoa)
                  20007e8c    00000052                           : _printfi.c.obj (.text:_ecpy)
                  20007ede    0000004c                           : fflush.c.obj (.text:__TI_doflush)
                  20007f2a    00000002     --HOLE-- [fill = 0]
                  20007f2c    0000004c                           : atoi.c.obj (.text:atoi)
                  20007f78    00000048                           : exit.c.obj (.text:exit)
                  20007fc0    00000048                           : fd_toi_t2.asm.obj (.text)
                  20008008    00000044                           : hostclose.c.obj (.text:HOSTclose)
                  2000804c    00000044                           : hostunlink.c.obj (.text:HOSTunlink)
                  20008090    00000044     driverlib.a : timer.obj (.text:TimerConfigure)
                  200080d4    00000044     rtsv7M4_T_le_eabi.lib : autoinit.c.obj (.text:__TI_auto_init_nobinit_nopinit:__TI_auto_init_nobinit_nopinit)
                  20008118    00000044                           : getdevice.c.obj (.text:getdevice)
                  2000815c    00000044     pin_mux_config.obj (.text)
                  200081a0    00000040     driverlib.a : pin.obj (.text:PinModeSet)
                  200081e0    00000040     rtsv7M4_T_le_eabi.lib : vsnprintf.c.obj (.text:vsnprintf)
                  20008220    0000003e                           : _printfi.c.obj (.text:_fcpy)
                  2000825e    00000002     --HOLE-- [fill = 0]
                  20008260    0000003c     driverlib.a : prcm.obj (.text:PRCMPeripheralClkEnable)
                  2000829c    00000038     rtsv7M4_T_le_eabi.lib : trgmsg.c.obj (.text:__TI_writemsg)
                  200082d4    00000038                           : fs_tod_t2.asm.obj (.text)
                  2000830c    00000038                           : i_tofs_t2.asm.obj (.text)
                  20008344    00000036                           : strncpy.c.obj (.text:strncpy)
                  2000837a    00000002     --HOLE-- [fill = 0]
                  2000837c    00000034                           : fopen.c.obj (.text:__TI_cleanup)
                  200083b0    00000034                           : trgmsg.c.obj (.text:__TI_readmsg)
                  200083e4    00000034                           : rand.c.obj (.text:rand)
                  20008418    00000030     driverlib.a : uart.obj (.text:UARTDisable)
                  20008448    00000030     rtsv7M4_T_le_eabi.lib : vsnprintf.c.obj (.text:_outs)
                  20008478    00000030                           : getdevice.c.obj (.text:finddevice)
                  200084a8    0000002e                           : i_tofd_t2.asm.obj (.text)
                  200084d6    00000002     --HOLE-- [fill = 0]
                  200084d8    0000002c     driverlib.a : prcm.obj (.text:PRCMSysResetCauseGet)
                  20008504    0000002c     rtsv7M4_T_le_eabi.lib : unlink.c.obj (.text:unlink)
                  20008530    0000002a     driverlib.a : timer.obj (.text:TimerLoadSet)
                  2000855a    0000002a                 : timer.obj (.text:TimerPrescaleSet)
                  20008584    00000028                 : prcm.obj (.text:PRCMPeripheralClkDisable)
                  200085ac    00000028     rtsv7M4_T_le_eabi.lib : memory.c.obj (.text:free_list_insert)
                  200085d4    00000028                           : lseek.c.obj (.text:lseek)
                  200085fc    00000028                           : write.c.obj (.text:write)
                  20008624    00000024     driverlib.a : uart.obj (.text:UARTEnable)
                  20008648    00000024     rtsv7M4_T_le_eabi.lib : boot_cortex_m.c.obj (.text:_c_int00_noargs:_c_int00_noargs)
                  2000866c    00000024                           : memmov.c.obj (.text:memmove)
                  20008690    00000022     driverlib.a : spi.obj (.text:SPIReset)
                  200086b2    00000020                 : gpio.obj (.text:GPIOPinWrite)
                  200086d2    00000002     --HOLE-- [fill = 0]
                  200086d4    00000020                 : interrupt.obj (.text:IntRegister)
                  200086f4    00000020     rtsv7M4_T_le_eabi.lib : memchr.c.obj (.text:memchr)
                  20008714    0000001e     driverlib.a : timer.obj (.text:TimerEnable)
                  20008732    0000001e                 : timer.obj (.text:TimerIntStatus)
                  20008750    0000001e                 : uart.obj (.text:UARTCharPut)
                  2000876e    0000001c                 : uart.obj (.text:UARTCharGetNonBlocking)
                  2000878a    0000001c     rtsv7M4_T_le_eabi.lib : copy_zero_init.c.obj (.text:decompress:ZI:__TI_zero_init_nomemset:__TI_zero_init_nomemset)
                  200087a6    00000002     --HOLE-- [fill = 0]
                  200087a8    0000001c                           : memory.c.obj (.text:free_list_remove)
                  200087c4    0000001c                           : memccpy.c.obj (.text:memccpy)
                  200087e0    0000001a     driverlib.a : pin.obj (.text:PinTypeSPI)
                  200087fa    0000001a                 : pin.obj (.text:PinTypeUART)
                  20008814    00000018                 : spi.obj (.text:SPIEnable)
                  2000882c    00000018                 : timer.obj (.text:TimerIntEnable)
                  20008844    00000018                 : uart.obj (.text:UARTCharsAvail)
                  2000885c    00000018     rtsv7M4_T_le_eabi.lib : vsnprintf.c.obj (.text:_outc)
                  20008874    00000018                           : strcmp.c.obj (.text:strcmp)
                  2000888c    00000016     driverlib.a : prcm.obj (.text:PRCMHIBRegRead)
                  200088a2    00000016                 : prcm.obj (.text:PRCMHIBRegWrite)
                  200088b8    00000016     rtsv7M4_T_le_eabi.lib : strchr.c.obj (.text:strchr)
                  200088ce    00000014     driverlib.a : cpu.obj (.text:CPUcpsie)
                  200088e2    00000002     --HOLE-- [fill = 0]
                  200088e4    00000014                 : interrupt.obj (.text:IntVTableBaseSet)
                  200088f8    00000014     rtsv7M4_T_le_eabi.lib : strcpy.c.obj (.text:strcpy)
                  2000890c    00000014                           : strlen.c.obj (.text:strlen)
                  20008920    00000012     driverlib.a : timer.obj (.text:TimerIntClear)
                  20008932    00000012     rtsv7M4_T_le_eabi.lib : wcslen.c.obj (.text:wcslen)
                  20008944    0000000e                           : copy_decompress_none.c.obj (.text:decompress:none:__TI_decompress_none)
                  20008952    0000000e     startup_ccs.obj (.text)
                  20008960    0000000c     rtsv7M4_T_le_eabi.lib : s_copysign.c.obj (.text:copysign)
                  2000896c    0000000a     driverlib.a : interrupt.obj (.text:IntMasterEnable)
                  20008976    00000002     --HOLE-- [fill = 0]
                  20008978    00000008     rtsv7M4_T_le_eabi.lib : errno.c.obj (.text:__aeabi_errno_addr)
                  20008980    00000008                           : memory.c.obj (.text:malloc)
                  20008988    00000006     driverlib.a : utils.obj (.text:UtilsDelay)
                  2000898e    00000004     rtsv7M4_T_le_eabi.lib : fprintf.c.obj (.text:_outc)
                  20008992    00000004                           : fprintf.c.obj (.text:_outs)
                  20008996    00000004                           : pre_init.c.obj (.text:_system_pre_init)
                  2000899a    00000004                           : exit.c.obj (.text:abort:abort)

.const     0    200089a0    00000398     
                  200089a0    00000101     rtsv7M4_T_le_eabi.lib : ctype.c.obj (.const:.string:_ctypes_)
                  20008aa1    00000003     --HOLE-- [fill = 0]
                  20008aa4    00000100     driverlib.a : pin.obj (.const:g_ulPinToPadMap)
                  20008ba4    000000d4                 : interrupt.obj (.const:g_pulRegs)
                  20008c78    000000a8                 : prcm.obj (.const:PRCM_PeriphRegsList)
                  20008d20    00000018                 : interrupt.obj (.const:g_pulEnRegs)

.cinit     0    20008d38    00000098     
                  20008d38    00000071     (.cinit..data.load) [load image, compression = lzss]
                  20008da9    00000003     --HOLE-- [fill = 0]
                  20008dac    0000000c     (__TI_handler_table)
                  20008db8    00000008     (.cinit..bss.load) [load image, compression = zero_init]
                  20008dc0    00000010     (__TI_cinit_table)

.sysmem    0    20017000    00000800     UNINITIALIZED
                  20017000    00000010     rtsv7M4_T_le_eabi.lib : memory.c.obj (.sysmem)
                  20017010    000007f0     --HOLE--

.bss       0    20017800    00000244     UNINITIALIZED
                  20017800    00000120     rtsv7M4_T_le_eabi.lib : trgmsg.c.obj (.bss:_CIOBUF_)
                  20017920    000000a0     (.common:__TI_tmpnams)
                  200179c0    00000050     (.common:ADCDataBuffer)
                  20017a10    00000008     (.common:parmbuf)
                  20017a18    00000004     main.obj (.bss:g_ucRxBuff)
                  20017a1c    00000004     uart_if.obj (.bss)
                  20017a20    00000004     (.common:ADCValue)
                  20017a24    00000004     (.common:ADCVoltage)
                  20017a28    00000004     (.common:FilteredADCValue)
                  20017a2c    00000004     (.common:MaxValue)
                  20017a30    00000004     (.common:MinValue)
                  20017a34    00000004     (.common:Threshold)
                  20017a38    00000004     (.common:TimerCounterReg)
                  20017a3c    00000004     (.common:flag)
                  20017a40    00000004     (.common:motorState)

.data      0    20017a44    000001f4     UNINITIALIZED
                  20017a44    000000f0     rtsv7M4_T_le_eabi.lib : defs.c.obj (.data:_ftable)
                  20017b34    00000078                           : host_device.c.obj (.data:_device)
                  20017bac    00000050                           : host_device.c.obj (.data:_stream)
                  20017bfc    00000010                           : defs.c.obj (.data)
                  20017c0c    0000000c                           : exit.c.obj (.data:$O1$$)
                  20017c18    00000008                           : _lock.c.obj (.data:$O1$$)
                  20017c20    00000008                           : memory.c.obj (.data:$O1$$)
                  20017c28    00000004                           : errno.c.obj (.data)
                  20017c2c    00000004                           : fopen.c.obj (.data)
                  20017c30    00000004                           : open.c.obj (.data)
                  20017c34    00000004                           : rand.c.obj (.data)

.stack     0    2002f800    00000800     UNINITIALIZED
                  2002f800    00000004     rtsv7M4_T_le_eabi.lib : boot_cortex_m.c.obj (.stack)
                  2002f804    000007fc     --HOLE--

MODULE SUMMARY

       Module                       code    ro data   rw data
       ------                       ----    -------   -------
    .\
       main.obj                     1756    0         120    
       startup_ccs.obj              14      1024      0      
       uart_if.obj                  640     0         4      
       pin_mux_config.obj           68      0         0      
    +--+----------------------------+-------+---------+---------+
       Total:                       2478    1024      124    
                                                             
    C:/ti/CC3200SDK_1.4.0/cc3200-sdk/driverlib/ccs/Release/driverlib.a
       prcm.obj                     800     168       0      
       spi.obj                      952     0         0      
       interrupt.obj                314     236       0      
       pin.obj                      252     256       0      
       timer.obj                    366     0         0      
       uart.obj                     284     0         0      
       gpio.obj                     32      0         0      
       cpu.obj                      20      0         0      
       utils.obj                    6       0         0      
    +--+----------------------------+-------+---------+---------+
       Total:                       3026    660       0      
                                                             
    C:\ti\ccs910\ccs\tools\compiler\ti-cgt-arm_18.12.2.LTS\lib\rtsv7M4_T_le_eabi.lib
       _printfi.c.obj               4835    0         0      
       memory.c.obj                 892     0         8      
       fopen.c.obj                  476     0         4      
       fd_add_t2.asm.obj            438     0         0      
       defs.c.obj                   0       0         416    
       trgmsg.c.obj                 108     0         288    
       fd_div_t2.asm.obj            310     0         0      
       fputs.c.obj                  276     0         0      
       fd_cmp_t2.asm.obj            268     0         0      
       ctype.c.obj                  0       257       0      
       fd_mul_t2.asm.obj            252     0         0      
       fs_add_t2.asm.obj            250     0         0      
       setvbuf.c.obj                220     0         0      
       s_scalbn.c.obj               208     0         0      
       host_device.c.obj            0       0         200    
       open.c.obj                   188     0         4      
       memcpy_t2.asm.obj            156     0         0      
       ull_div_t2.asm.obj           150     0         0      
       fs_div_t2.asm.obj            146     0         0      
       fputc.c.obj                  140     0         0      
       vsnprintf.c.obj              136     0         0      
       fs_mul_t2.asm.obj            122     0         0      
       memset_t2.asm.obj            122     0         0      
       fclose.c.obj                 116     0         0      
       getdevice.c.obj              116     0         0      
       fprintf.c.obj                108     0         0      
       copy_decompress_lzss.c.obj   104     0         0      
       hostlseek.c.obj              104     0         0      
       hostopen.c.obj               96      0         8      
       hostrename.c.obj             104     0         0      
       fseek.c.obj                  100     0         0      
       _io_perm.c.obj               98      0         0      
       close.c.obj                  92      0         0      
       s_frexp.c.obj                92      0         0      
       exit.c.obj                   76      0         12     
       hostread.c.obj               88      0         0      
       hostwrite.c.obj              88      0         0      
       ltoa.c.obj                   84      0         0      
       atoi.c.obj                   76      0         0      
       fflush.c.obj                 76      0         0      
       fd_toi_t2.asm.obj            72      0         0      
       autoinit.c.obj               68      0         0      
       hostclose.c.obj              68      0         0      
       hostunlink.c.obj             68      0         0      
       fs_tod_t2.asm.obj            56      0         0      
       i_tofs_t2.asm.obj            56      0         0      
       rand.c.obj                   52      0         4      
       strncpy.c.obj                54      0         0      
       i_tofd_t2.asm.obj            46      0         0      
       unlink.c.obj                 44      0         0      
       lseek.c.obj                  40      0         0      
       write.c.obj                  40      0         0      
       boot_cortex_m.c.obj          36      0         0      
       memmov.c.obj                 36      0         0      
       memchr.c.obj                 32      0         0      
       copy_zero_init.c.obj         28      0         0      
       memccpy.c.obj                28      0         0      
       strcmp.c.obj                 24      0         0      
       strchr.c.obj                 22      0         0      
       strcpy.c.obj                 20      0         0      
       strlen.c.obj                 20      0         0      
       wcslen.c.obj                 18      0         0      
       copy_decompress_none.c.obj   14      0         0      
       errno.c.obj                  8       0         4      
       s_copysign.c.obj             12      0         0      
       _lock.c.obj                  2       0         8      
       pre_init.c.obj               4       0         0      
       div0.asm.obj                 2       0         0      
    +--+----------------------------+-------+---------+---------+
       Total:                       12281   257       956    
                                                             
       Heap:                        0       0         2048   
       Stack:                       0       0         2048   
       Linker Generated:            0       149       0      
    +--+----------------------------+-------+---------+---------+
       Grand Total:                 17785   2090      5176   


LINKER GENERATED COPY TABLES

__TI_cinit_table @ 20008dc0 records: 2, size/record: 8, table size: 16
	.data: load addr=20008d38, load size=00000071 bytes, run addr=20017a44, run size=000001f4 bytes, compression=lzss
	.bss: load addr=20008db8, load size=00000008 bytes, run addr=20017800, run size=00000244 bytes, compression=zero_init


LINKER GENERATED HANDLER TABLE

__TI_handler_table @ 20008dac records: 3, size/record: 4, table size: 12
	index: 0, handler: __TI_decompress_lzss
	index: 1, handler: __TI_decompress_none
	index: 2, handler: __TI_zero_init


GLOBAL SYMBOLS: SORTED ALPHABETICALLY BY Name 

address   name                           
-------   ----                           
200179c0  ADCDataBuffer                  
20017a20  ADCValue                       
20017a24  ADCVoltage                     
2000899b  C$$EXIT                        
200082cb  C$$IO$$                        
200088cf  CPUcpsie                       
2000556d  ClearTerm                      
20005577  Error                          
20017a28  FilteredADCValue               
200086b3  GPIOPinWrite                   
200055af  GetCmd                         
20008009  HOSTclose                      
20007909  HOSTlseek                      
20007b6d  HOSTopen                       
20007c85  HOSTread                       
20007971  HOSTrename                     
2000804d  HOSTunlink                     
20007cdd  HOSTwrite                      
2000552d  InitTerm                       
20006ee5  IntEnable                      
2000896d  IntMasterEnable                
20007de5  IntPrioritySet                 
200086d5  IntRegister                    
200088e5  IntVTableBaseSet               
20017a2c  MaxValue                       
2000554b  Message                        
20017a30  MinValue                       
20004e69  MotorStateChange               
20005d99  PRCMCC3200MCUInit              
2000888d  PRCMHIBRegRead                 
200088a3  PRCMHIBRegWrite                
20008585  PRCMPeripheralClkDisable       
20008261  PRCMPeripheralClkEnable        
200071fd  PRCMPeripheralClockGet         
20007d35  PRCMPeripheralReset            
200084d9  PRCMSysResetCauseGet           
200073b1  PinConfigSet                   
200081a1  PinModeSet                     
2000815d  PinMuxConfig                   
200087e1  PinTypeSPI                     
200087fb  PinTypeUART                    
200056ed  Report                         
20008953  ResetISR                       
20006f8d  SPIConfigSetExpClk             
20008815  SPIEnable                      
20008691  SPIReset                       
20007439  SPITransfer                    
20017a34  Threshold                      
20004f5d  TimerBaseIntHandler            
20008091  TimerConfigure                 
20004f83  TimerCounter                   
20017a38  TimerCounterReg                
20008715  TimerEnable                    
20008921  TimerIntClear                  
2000882d  TimerIntEnable                 
20007829  TimerIntRegister               
20008733  TimerIntStatus                 
20008531  TimerLoadSet                   
2000855b  TimerPrescaleSet               
200050c3  Timer_IF_Init                  
20005015  Timer_IF_IntSetup              
200050ab  Timer_IF_InterruptClear        
20005061  Timer_IF_Start                 
20005655  TrimSpace                      
2000876f  UARTCharGetNonBlocking         
20008751  UARTCharPut                    
20008845  UARTCharsAvail                 
2000773d  UARTConfigSetExpClk            
20008419  UARTDisable                    
20008625  UARTEnable                     
20008989  UtilsDelay                     
20017800  __CIOBUF_                      
20030000  __STACK_END                    
00000800  __STACK_SIZE                   
00000800  __SYSMEM_SIZE                  
20008dc0  __TI_CINIT_Base                
20008dd0  __TI_CINIT_Limit               
20008dac  __TI_Handler_Table_Base        
20008db8  __TI_Handler_Table_Limit       
200080d5  __TI_auto_init_nobinit_nopinit 
2000837d  __TI_cleanup                   
20017c0c  __TI_cleanup_ptr               
200077b5  __TI_closefile                 
200079d9  __TI_decompress_lzss           
20008945  __TI_decompress_none           
20007edf  __TI_doflush                   
20017c10  __TI_dtors_ptr                 
20017c14  __TI_enable_exit_profile_output
20017bfc  __TI_ft_end                    
ffffffff  __TI_pprof_out_hndl            
20004401  __TI_printfi                   
ffffffff  __TI_prof_data_size            
ffffffff  __TI_prof_data_start           
200083b1  __TI_readmsg                   
20008d38  __TI_static_base__             
20017920  __TI_tmpnams                   
2000829d  __TI_writemsg                  
20007b09  __TI_wrt_ok                    
2000878b  __TI_zero_init_nomemset        
200074c1  __aeabi_cdcmpeq                
200074c1  __aeabi_cdcmple                
20007547  __aeabi_cdrcmple               
20007fc1  __aeabi_d2iz                   
20005beb  __aeabi_dadd                   
2000604d  __aeabi_ddiv                   
200064c5  __aeabi_dmul                   
20005be1  __aeabi_dsub                   
20008979  __aeabi_errno_addr             
200082d5  __aeabi_f2d                    
200065c5  __aeabi_fadd                   
20007291  __aeabi_fdiv                   
20007649  __aeabi_fmul                   
200065c1  __aeabi_fsub                   
200084a9  __aeabi_i2d                    
2000830d  __aeabi_i2f                    
20005d97  __aeabi_idiv0                  
20005d97  __aeabi_ldiv0                  
200076c3  __aeabi_memclr                 
200076c3  __aeabi_memclr4                
200076c3  __aeabi_memclr8                
200070c9  __aeabi_memcpy                 
200070c9  __aeabi_memcpy4                
200070c9  __aeabi_memcpy8                
200076c5  __aeabi_memset                 
200076c5  __aeabi_memset4                
200076c5  __aeabi_memset8                
20017c08  __aeabi_stderr                 
20017c00  __aeabi_stdin                  
20017c04  __aeabi_stdout                 
20007165  __aeabi_uldivmod               
ffffffff  __binit__                      
ffffffff  __c_args__                     
UNDEFED   __mpu_init                     
2002f800  __stack                        
20008649  _c_int00_noargs                
200089a0  _ctypes_                       
20017b34  _device                        
20017a44  _ftable                        
20017c18  _lock                          
20004e4f  _nop                           
20017bac  _stream                        
20017000  _sys_memory                    
UNDEFED   _system_post_cinit             
20008997  _system_pre_init               
20017c1c  _unlock                        
2000899b  abort                          
200066bd  aligned_alloc                  
20007f2d  atoi                           
ffffffff  binit                          
20007bcd  close                          
20008961  copysign                       
20008961  copysignl                      
20017c28  errno                          
20007f79  exit                           
20008479  finddevice                     
20017a3c  flag                           
2000702d  fopen                          
20007a41  fprintf                        
20007325  fputc                          
200062a5  fputs                          
200067b1  free                           
20007c29  frexp                          
20007c29  frexpl                         
20007aa5  fseek                          
20004000  g_pfnVectors                   
20008119  getdevice                      
20006b1d  ldexp                          
20006b1d  ldexpl                         
200085d5  lseek                          
20007e39  ltoa                           
2000512d  main                           
20008981  malloc                         
200066bd  memalign                       
200087c5  memccpy                        
200086f5  memchr                         
200070c9  memcpy                         
2000866d  memmove                        
200076cb  memset                         
20017a40  motorState                     
20006cbd  open                           
20017a10  parmbuf                        
20005081  printHeartRate                 
20007325  putc                           
200083e5  rand                           
20006975  realloc                        
20008505  remove                         
20006b1d  scalbn                         
20006b1d  scalbnl                        
20006899  setvbuf                        
200088b9  strchr                         
20008875  strcmp                         
200088f9  strcpy                         
2000890d  strlen                         
20008345  strncpy                        
20008505  unlink                         
200081e1  vsnprintf                      
20008933  wcslen                         
200085fd  write                          


GLOBAL SYMBOLS: SORTED BY Symbol Address 

address   name                           
-------   ----                           
00000800  __STACK_SIZE                   
00000800  __SYSMEM_SIZE                  
20004000  g_pfnVectors                   
20004401  __TI_printfi                   
20004e4f  _nop                           
20004e69  MotorStateChange               
20004f5d  TimerBaseIntHandler            
20004f83  TimerCounter                   
20005015  Timer_IF_IntSetup              
20005061  Timer_IF_Start                 
20005081  printHeartRate                 
200050ab  Timer_IF_InterruptClear        
200050c3  Timer_IF_Init                  
2000512d  main                           
2000552d  InitTerm                       
2000554b  Message                        
2000556d  ClearTerm                      
20005577  Error                          
200055af  GetCmd                         
20005655  TrimSpace                      
200056ed  Report                         
20005be1  __aeabi_dsub                   
20005beb  __aeabi_dadd                   
20005d97  __aeabi_idiv0                  
20005d97  __aeabi_ldiv0                  
20005d99  PRCMCC3200MCUInit              
2000604d  __aeabi_ddiv                   
200062a5  fputs                          
200064c5  __aeabi_dmul                   
200065c1  __aeabi_fsub                   
200065c5  __aeabi_fadd                   
200066bd  aligned_alloc                  
200066bd  memalign                       
200067b1  free                           
20006899  setvbuf                        
20006975  realloc                        
20006b1d  ldexp                          
20006b1d  ldexpl                         
20006b1d  scalbn                         
20006b1d  scalbnl                        
20006cbd  open                           
20006ee5  IntEnable                      
20006f8d  SPIConfigSetExpClk             
2000702d  fopen                          
200070c9  __aeabi_memcpy                 
200070c9  __aeabi_memcpy4                
200070c9  __aeabi_memcpy8                
200070c9  memcpy                         
20007165  __aeabi_uldivmod               
200071fd  PRCMPeripheralClockGet         
20007291  __aeabi_fdiv                   
20007325  fputc                          
20007325  putc                           
200073b1  PinConfigSet                   
20007439  SPITransfer                    
200074c1  __aeabi_cdcmpeq                
200074c1  __aeabi_cdcmple                
20007547  __aeabi_cdrcmple               
20007649  __aeabi_fmul                   
200076c3  __aeabi_memclr                 
200076c3  __aeabi_memclr4                
200076c3  __aeabi_memclr8                
200076c5  __aeabi_memset                 
200076c5  __aeabi_memset4                
200076c5  __aeabi_memset8                
200076cb  memset                         
2000773d  UARTConfigSetExpClk            
200077b5  __TI_closefile                 
20007829  TimerIntRegister               
20007909  HOSTlseek                      
20007971  HOSTrename                     
200079d9  __TI_decompress_lzss           
20007a41  fprintf                        
20007aa5  fseek                          
20007b09  __TI_wrt_ok                    
20007b6d  HOSTopen                       
20007bcd  close                          
20007c29  frexp                          
20007c29  frexpl                         
20007c85  HOSTread                       
20007cdd  HOSTwrite                      
20007d35  PRCMPeripheralReset            
20007de5  IntPrioritySet                 
20007e39  ltoa                           
20007edf  __TI_doflush                   
20007f2d  atoi                           
20007f79  exit                           
20007fc1  __aeabi_d2iz                   
20008009  HOSTclose                      
2000804d  HOSTunlink                     
20008091  TimerConfigure                 
200080d5  __TI_auto_init_nobinit_nopinit 
20008119  getdevice                      
2000815d  PinMuxConfig                   
200081a1  PinModeSet                     
200081e1  vsnprintf                      
20008261  PRCMPeripheralClkEnable        
2000829d  __TI_writemsg                  
200082cb  C$$IO$$                        
200082d5  __aeabi_f2d                    
2000830d  __aeabi_i2f                    
20008345  strncpy                        
2000837d  __TI_cleanup                   
200083b1  __TI_readmsg                   
200083e5  rand                           
20008419  UARTDisable                    
20008479  finddevice                     
200084a9  __aeabi_i2d                    
200084d9  PRCMSysResetCauseGet           
20008505  remove                         
20008505  unlink                         
20008531  TimerLoadSet                   
2000855b  TimerPrescaleSet               
20008585  PRCMPeripheralClkDisable       
200085d5  lseek                          
200085fd  write                          
20008625  UARTEnable                     
20008649  _c_int00_noargs                
2000866d  memmove                        
20008691  SPIReset                       
200086b3  GPIOPinWrite                   
200086d5  IntRegister                    
200086f5  memchr                         
20008715  TimerEnable                    
20008733  TimerIntStatus                 
20008751  UARTCharPut                    
2000876f  UARTCharGetNonBlocking         
2000878b  __TI_zero_init_nomemset        
200087c5  memccpy                        
200087e1  PinTypeSPI                     
200087fb  PinTypeUART                    
20008815  SPIEnable                      
2000882d  TimerIntEnable                 
20008845  UARTCharsAvail                 
20008875  strcmp                         
2000888d  PRCMHIBRegRead                 
200088a3  PRCMHIBRegWrite                
200088b9  strchr                         
200088cf  CPUcpsie                       
200088e5  IntVTableBaseSet               
200088f9  strcpy                         
2000890d  strlen                         
20008921  TimerIntClear                  
20008933  wcslen                         
20008945  __TI_decompress_none           
20008953  ResetISR                       
20008961  copysign                       
20008961  copysignl                      
2000896d  IntMasterEnable                
20008979  __aeabi_errno_addr             
20008981  malloc                         
20008989  UtilsDelay                     
20008997  _system_pre_init               
2000899b  C$$EXIT                        
2000899b  abort                          
200089a0  _ctypes_                       
20008d38  __TI_static_base__             
20008dac  __TI_Handler_Table_Base        
20008db8  __TI_Handler_Table_Limit       
20008dc0  __TI_CINIT_Base                
20008dd0  __TI_CINIT_Limit               
20017000  _sys_memory                    
20017800  __CIOBUF_                      
20017920  __TI_tmpnams                   
200179c0  ADCDataBuffer                  
20017a10  parmbuf                        
20017a20  ADCValue                       
20017a24  ADCVoltage                     
20017a28  FilteredADCValue               
20017a2c  MaxValue                       
20017a30  MinValue                       
20017a34  Threshold                      
20017a38  TimerCounterReg                
20017a3c  flag                           
20017a40  motorState                     
20017a44  _ftable                        
20017b34  _device                        
20017bac  _stream                        
20017bfc  __TI_ft_end                    
20017c00  __aeabi_stdin                  
20017c04  __aeabi_stdout                 
20017c08  __aeabi_stderr                 
20017c0c  __TI_cleanup_ptr               
20017c10  __TI_dtors_ptr                 
20017c14  __TI_enable_exit_profile_output
20017c18  _lock                          
20017c1c  _unlock                        
20017c28  errno                          
2002f800  __stack                        
20030000  __STACK_END                    
ffffffff  __TI_pprof_out_hndl            
ffffffff  __TI_prof_data_size            
ffffffff  __TI_prof_data_start           
ffffffff  __binit__                      
ffffffff  __c_args__                     
ffffffff  binit                          
UNDEFED   __mpu_init                     
UNDEFED   _system_post_cinit             

[198 symbols]
